wpa_passphrase=000000
think = "0000ff"
argonaut = "hello\ngoodbye\tnext\u001B"
